// Jest Snapshot v1, https://goo.gl/fbAQLP

exports[`About Us component renders 1`] = `
<Fragment>
  <NavBar />
  <ForwardRef
    className="logo"
    style={
      Object {
        "opacity": AnimatedValue {
          "animatedStyles": Set {},
          "children": Array [],
          "done": false,
          "lastPosition": 0.1,
          "lastTime": undefined,
          "lastVelocity": undefined,
          "payload": undefined,
          "setValue": [Function],
          "startPosition": 0.1,
          "startTime": 42,
          "value": 0.1,
        },
      }
    }
  >
    <img
      src={
        Object {
          "default": "test-file-stub",
        }
      }
    />
    <p
      className="blurb"
    >
      mindDrift is a mindful breathing app, aimed to make your experience seamless and convenient.
    </p>
    <section
      className="AboutUs"
    >
      <h1>
        Meet Our Team:
      </h1>
      <div>
        <img
          alt="Abbey Masters"
          src={
            Object {
              "default": "test-file-stub",
            }
          }
        />
        <h2>
          Abbey Masters
        </h2>
        <p>
          Abbey is a Full-Stack developer, and enjoys long walks at the park with her dog. And also chocolate chip cookies!
        </p>
      </div>
      <div>
        <img
          alt="Dave Trost"
          src={
            Object {
              "default": "test-file-stub",
            }
          }
        />
        <h2>
          Dave Trost
        </h2>
        <p>
          Dave is a Back-End developer who is surprised by how much he likes React and Redux. He is a big nerd for disc golf, and lots of other things too. Lots of GF chocolate chip cookies!
        </p>
      </div>
      <div>
        <img
          alt="Maeve Griffin"
          src={
            Object {
              "default": "test-file-stub",
            }
          }
        />
        <h2>
          Maeve Griffin
        </h2>
        <p>
          Maeve is a Full-Stack Javascript developer who has learned a lot about React Spring.  And likes trying new chocolate chip cookie recipes.
        </p>
      </div>
    </section>
  </ForwardRef>
</Fragment>
`;
