// Jest Snapshot v1, https://goo.gl/fbAQLP

exports[`Nav Bar component renders Nav Bar 1`] = `
<div
  className="NavBar"
>
  <button
    onClick={[Function]}
  >
    Log Out
  </button>
  <span
    className="NavigationFooter"
  >
    <Link
      to="/"
    >
      <img
        alt="Home"
        src="https://raw.githubusercontent.com/mindDrift/mind-drift-fe/dev/src/assets/HOMEicon.png"
      />
    </Link>
    Â 
    <Link
      to="/settings"
    >
      <img
        alt="Settings"
        src="https://raw.githubusercontent.com/mindDrift/mind-drift-fe/dev/src/assets/SETTINGSicon.png"
      />
    </Link>
    <Link
      to="/profile"
    >
      <img
        alt="Profile"
        src="https://raw.githubusercontent.com/mindDrift/mind-drift-fe/dev/src/assets/PROFILEicon.png"
      />
    </Link>
  </span>
</div>
`;
